The EC2 instances failed to communicate with AWS Elastic Beanstalk, either because of configuration problems with the VPC or a failed EC2 instance. Check your VPC configuration and try launching the environment again.
February 22, 2026 00:26:45 (UTC+5:30)
ERROR
Stack named 'awseb-e-dpneydpzbp-stack' aborted operation. Current state: 'CREATE_FAILED' Reason: The following resource(s) failed to create: [AWSEBInstanceLaunchWaitCondition].
February 22, 2026 00:20:43 (UTC+5:30)
WARN
Environment health has transitioned from Pending to Severe. Initialization in progress (running for 11 minutes). None of the instances are sending data. ELB health is failing or not available for all instances.


aws elasticbeanstalk list-platform-versions


3️⃣ Port Mismatch

Tomcat in Beanstalk listens on:

8080 internally

If your app tries to run on:

80


ec2 health check and communication issue:
1. Check security groups
2.Check na gateways if used pivate subnets
3. Check Route tables association with public assiciations
4. Check IGW




create healthd user and directory failed
change ownership failed with error user: unknown user apache
bootstraphealthd failed

What This Means
Elastic Beanstalk is trying to:
Start its internal health monitoring agent (healthd)
Change ownership to user apache
But the OS does NOT have user apache.

/var/log/eb-engine.log.

"aws route53 list-hosted-zones --query "HostedZones[*].Name"


more .bash_profile
/var/log/eb-engine.log.
aws route53 list-hosted-zones --query "HostedZones[*].Name
aws elasticbeanstalk list-platform-versions
